1830 15 1 18 24 32 71 83 85 128 144 145 152 157 161 180 198
