1183 14 1 3 22 26 35 49 50 67 78 87 104 127 128 139
