2020 15 1 6 37 71 73 86 95 111 114 137 154 169 192 197 223
