2667 16 1 5 28 38 49 78 99 115 124 128 133 139 172 192 252 272
