1256 14 1 12 31 33 53 55 102 103 106 110 134 137 156 160
