1483 14 1 8 32 39 53 87 89 90 117 119 123 128 139 150
