1973 15 1 23 41 74 83 85 111 122 128 132 153 154 163 164 165
