2680 17 1 6 7 18 33 37 43 77 79 92 192 232 249 252 260 261 270
