1667 15 1 30 42 60 76 81 82 94 108 109 125 140 144 154 159
