2452 16 1 3 9 48 50 55 62 80 104 109 127 154 159 220 221 260
