2352 16 1 2 3 12 17 19 36 130 133 144 152 191 216 219 240 241
